<html>
<body>
<pre>
<h1>µVision Build Log</h1>
<h2>Tool Versions:</h2>
IDE-Version: µVision V5.36.0.0
Copyright (C) 2021 ARM Ltd and ARM Germany GmbH. All rights reserved.
License Information: test test, test, LIC=----
 
Tool Versions:
Toolchain:       MDK-Lite  Version: 5.36.0.0
Toolchain Path:  C:\Keil_v5\ARM\ARMCC\Bin
C Compiler:      Armcc.exe V5.06 update 7 (build 960)
Assembler:       Armasm.exe V5.06 update 7 (build 960)
Linker/Locator:  ArmLink.exe V5.06 update 7 (build 960)
Library Manager: ArmAr.exe V5.06 update 7 (build 960)
Hex Converter:   FromElf.exe V5.06 update 7 (build 960)
CPU DLL:         SARMCM3.DLL V5.36.0.0
Dialog DLL:      DCM.DLL V1.17.3.0
Target DLL:      Segger\JL2CM3.dll V2.99.40.0
Dialog DLL:      TCM.DLL V1.53.0.0
 
<h2>Project:</h2>
D:\Tsinghua\9B Vehicle\car_group12\MDK\LQ_STM32F1_Demo.uvprojx
Project File Date:  08/19/2024

<h2>Output:</h2>
*** Using Compiler 'V5.06 update 7 (build 960)', folder: 'C:\Keil_v5\ARM\ARMCC\Bin'
Build target 'LQ_32F1_AIO_LIB'
compiling main.c...
..\USER\main.c(53): warning:  #177-D: variable "car_sensor"  was declared but never referenced
  	struct CarSensor car_sensor;
..\USER\main.c(54): warning:  #177-D: variable "Moto_PWM"  was declared but never referenced
  	struct MotoPWM Moto_PWM;
..\USER\main.c(55): warning:  #177-D: variable "E_V"  was declared but never referenced
    int E_V, car_V;
..\USER\main.c(55): warning:  #177-D: variable "car_V"  was declared but never referenced
    int E_V, car_V;
..\USER\main.c(56): warning:  #177-D: variable "MotorFlag"  was declared but never referenced
  	int MotorFlag;
..\USER\main.c(57): warning:  #177-D: variable "txt"  was declared but never referenced
  	char txt[20];
..\USER\main.c(58): warning:  #177-D: variable "ECPULSE1"  was declared but never referenced
  	int ECPULSE1 = 0,ECPULSE2 = 0,ECPULSE3 = 0;
..\USER\main.c(58): warning:  #177-D: variable "ECPULSE2"  was declared but never referenced
  	int ECPULSE1 = 0,ECPULSE2 = 0,ECPULSE3 = 0;
..\USER\main.c(58): warning:  #177-D: variable "ECPULSE3"  was declared but never referenced
  	int ECPULSE1 = 0,ECPULSE2 = 0,ECPULSE3 = 0;
..\USER\main.c: 9 warnings, 0 errors
linking...
Program Size: Code=9944 RO-data=4092 RW-data=36 ZI-data=3148  
FromELF: creating hex file...
"..\OBJ\USART.axf" - 0 Error(s), 9 Warning(s).

<h2>Software Packages used:</h2>

Package Vendor: Keil
                http://www.keil.com/pack/Keil.STM32F1xx_DFP.2.3.0.pack
                Keil.STM32F1xx_DFP.2.3.0
                STMicroelectronics STM32F1 Series Device Support, Drivers and Examples

<h2>Collection of Component include folders:</h2>
  C:\Users\yuiha\AppData\Local\Arm\Packs\Keil\STM32F1xx_DFP\2.3.0\Device\Include

<h2>Collection of Component Files used:</h2>
Build Time Elapsed:  00:00:04
</pre>
</body>
</html>
