<html>
<body>
<pre>
<h1>µVision Build Log</h1>
<h2>Tool Versions:</h2>
IDE-Version: µVision V5.36.0.0
Copyright (C) 2021 ARM Ltd and ARM Germany GmbH. All rights reserved.
License Information: test test, test, LIC=----
 
Tool Versions:
Toolchain:       MDK-Lite  Version: 5.36.0.0
Toolchain Path:  C:\Keil_v5\ARM\ARMCC\Bin
C Compiler:      Armcc.exe V5.06 update 7 (build 960)
Assembler:       Armasm.exe V5.06 update 7 (build 960)
Linker/Locator:  ArmLink.exe V5.06 update 7 (build 960)
Library Manager: ArmAr.exe V5.06 update 7 (build 960)
Hex Converter:   FromElf.exe V5.06 update 7 (build 960)
CPU DLL:         SARMCM3.DLL V5.36.0.0
Dialog DLL:      DCM.DLL V1.17.3.0
Target DLL:      Segger\JL2CM3.dll V2.99.40.0
Dialog DLL:      TCM.DLL V1.53.0.0
 
<h2>Project:</h2>
D:\Tsinghua\9B Vehicle\2 STM32\5 Example\7.Photoelectric_Test\MDK\LQ_STM32F1_Demo.uvprojx
Project File Date:  08/19/2024

<h2>Output:</h2>
*** Using Compiler 'V5.06 update 7 (build 960)', folder: 'C:\Keil_v5\ARM\ARMCC\Bin'
Build target 'LQ_32F1_AIO_LIB'
compiling LQ_PID.c...
compiling delay.c...
compiling main.c...
compiling LQ_ADC.c...
compiling ANO_DT.c...
compiling LQ_SOFTI2C.c...
compiling LQ_demo_DMP.c...
compiling LQ_IIC_Gyro.c...
compiling LQ_SOFTSPI.c...
compiling stm32f1xx_it.c...
compiling LQ_OLED096.c...
compiling LQ_Usart.c...
assembling startup_stm32f103xe.s...
compiling stm32f1xx_hal_msp.c...
compiling sys.c...
compiling LQ_Photoelectric.c...
compiling stm32f1xx_hal.c...
compiling system_stm32f1xx.c...
compiling LQ_LED.c...
compiling LQ_EXTI.c...
compiling LQ_Motor.c...
compiling LQ_TIM.c...
compiling LQ_Key.c...
compiling LQ_Encoder.c...
compiling stm32f1xx_hal_eth.c...
compiling stm32f1xx_hal_crc.c...
compiling stm32f1xx_hal_cec.c...
compiling stm32f1xx_hal_exti.c...
compiling stm32f1xx_hal_dac_ex.c...
compiling stm32f1xx_hal_dma.c...
compiling stm32f1xx_hal_dac.c...
compiling stm32f1xx_hal_cortex.c...
compiling stm32f1xx_hal_can.c...
compiling stm32f1xx_hal_adc_ex.c...
compiling stm32f1xx_hal_adc.c...
compiling stm32f1xx_hal_gpio.c...
compiling stm32f1xx_hal_hcd.c...
compiling stm32f1xx_hal_gpio_ex.c...
compiling stm32f1xx_hal_iwdg.c...
compiling stm32f1xx_hal_irda.c...
compiling stm32f1xx_hal_i2s.c...
compiling stm32f1xx_hal_flash.c...
compiling stm32f1xx_hal_flash_ex.c...
compiling stm32f1xx_hal_nand.c...
compiling stm32f1xx_hal_mmc.c...
compiling stm32f1xx_hal_i2c.c...
compiling stm32f1xx_hal_pcd_ex.c...
compiling stm32f1xx_hal_rcc_ex.c...
compiling stm32f1xx_hal_pccard.c...
compiling stm32f1xx_hal_rtc_ex.c...
compiling stm32f1xx_hal_sd.c...
compiling stm32f1xx_hal_pwr.c...
compiling stm32f1xx_hal_rtc.c...
compiling stm32f1xx_hal_rcc.c...
compiling stm32f1xx_hal_pcd.c...
compiling stm32f1xx_hal_nor.c...
compiling stm32f1xx_hal_smartcard.c...
compiling stm32f1xx_ll_adc.c...
compiling stm32f1xx_ll_crc.c...
compiling stm32f1xx_ll_dac.c...
compiling stm32f1xx_ll_dma.c...
compiling stm32f1xx_ll_exti.c...
compiling stm32f1xx_ll_gpio.c...
compiling stm32f1xx_ll_i2c.c...
compiling stm32f1xx_ll_pwr.c...
compiling stm32f1xx_ll_rcc.c...
compiling stm32f1xx_ll_rtc.c...
compiling stm32f1xx_ll_spi.c...
compiling stm32f1xx_ll_tim.c...
compiling stm32f1xx_ll_usart.c...
compiling stm32f1xx_ll_fsmc.c...
compiling stm32f1xx_hal_usart.c...
compiling stm32f1xx_hal_wwdg.c...
compiling stm32f1xx_hal_uart.c...
compiling stm32f1xx_hal_sram.c...
compiling stm32f1xx_hal_spi.c...
compiling stm32f1xx_hal_tim_ex.c...
compiling stm32f1xx_ll_sdmmc.c...
compiling stm32f1xx_hal_tim.c...
compiling stm32f1xx_ll_usb.c...
compiling stm32f1xx_ll_utils.c...
linking...
Program Size: Code=8060 RO-data=4092 RW-data=36 ZI-data=3052  
FromELF: creating hex file...
"..\OBJ\USART.axf" - 0 Error(s), 0 Warning(s).

<h2>Software Packages used:</h2>

Package Vendor: Keil
                http://www.keil.com/pack/Keil.STM32F1xx_DFP.2.3.0.pack
                Keil.STM32F1xx_DFP.2.3.0
                STMicroelectronics STM32F1 Series Device Support, Drivers and Examples

<h2>Collection of Component include folders:</h2>
  C:\Users\yuiha\AppData\Local\Arm\Packs\Keil\STM32F1xx_DFP\2.3.0\Device\Include

<h2>Collection of Component Files used:</h2>
Build Time Elapsed:  00:00:19
</pre>
</body>
</html>
